$ (/tmp/benchcopy) git clone -q --depth 1 -b variant-b https://github.com/EX-CT/eve-dogma-lab /tmp/benchcopy/work/B
$ (/tmp/benchcopy/work/B/variant-b) cargo build --release
# Scorecard: B

- command: `./target/release/eve-dogma-vb --dataset /workspace/exct-eve/data/dataset-3569502.json.gz calc`, batch: `./target/release/eve-dogma-vb --dataset /workspace/exct-eve/data/dataset-3569502.json.gz batch`
- cases fully correct: **326/326**
- values correct: **21051/21051** (100.00 %)
- engine errors: 0

| group | ok | total | % |
|---|---|---|---|
| application | 3943 | 3943 | 100.0 |
| capacitor | 1147 | 1147 | 100.0 |
| defense | 5866 | 5866 | 100.0 |
| fitting | 2934 | 2934 | 100.0 |
| navigation | 1945 | 1945 | 100.0 |
| offense | 1304 | 1304 | 100.0 |
| tank | 2282 | 2282 | 100.0 |
| targeting | 1630 | 1630 | 100.0 |

| perf | value |
|---|---|
| one process per case, median ms (cold start + calc) | 6.3 |
| batch throughput (corpus x1) fits/s | 5180 |
| latency one fit (exct_rifter) ms/calc | 0.144 |
| startup + one calc ms | 9.1 |
| deterministic | True |
# Combined scorecard

Generated 2026-10-03 06:20 CST — corpus: 326 cases, expected values from Pyfa (see README).

Bench version 1.8.0+3da9671 (see CHANGELOG.md). Rows may come from different runs: see measured_at/bench_version in combined.json; perf numbers are only comparable at similar load.

| variant | status | cases ok | values ok | accuracy % | application | capacitor | defense | fitting | navigation | offense | tank | targeting | ms/fit | fits/s (batch) | cold ms | deterministic | eft export | bench | measured |
|---|---|---|---|---|---|---|---|---|---|---|---|---|---|---|---|---|---|---|---|
| B data-oriented Rust | ok | 326/326 | 21051/21051 | 100.00 | 100.0 | 100.0 | 100.0 | 100.0 | 100.0 | 100.0 | 100.0 | 100.0 | 0.144 | 5180 | 6 | True | 326/326 | 1.8.0+3da9671 | 2026-10-03 06:19 CST |
