$ (/tmp/benchcopy) git clone -q --depth 1 -b variant-b https://github.com/EX-CT/eve-dogma-lab /tmp/benchcopy/work/B
$ (/tmp/benchcopy/work/B/variant-b) cargo build --release
# Scorecard: B

- command: `./target/release/eve-dogma-vb --dataset /workspace/exct-eve/data/dataset-3569502.json.gz calc`, batch: `./target/release/eve-dogma-vb --dataset /workspace/exct-eve/data/dataset-3569502.json.gz batch`
- cases fully correct: **249/249**
- values correct: **13812/13812** (100.00 %)
- engine errors: 0

| group | ok | total | % |
|---|---|---|---|
| application | 1989 | 1989 | 100.0 |
| capacitor | 871 | 871 | 100.0 |
| defense | 4480 | 4480 | 100.0 |
| fitting | 2241 | 2241 | 100.0 |
| navigation | 1243 | 1243 | 100.0 |
| offense | 996 | 996 | 100.0 |
| tank | 996 | 996 | 100.0 |
| targeting | 996 | 996 | 100.0 |

| perf | value |
|---|---|
| one process per case, median ms (cold start + calc) | 69.2 |
| batch throughput (corpus x1) fits/s | 2551 |
| latency one fit (exct_rifter) ms/calc | 0.087 |
| startup + one calc ms | 65.6 |
| deterministic | True |
# Combined scorecard

Generated 2026-10-03 04:43 CST — corpus: 249 cases, expected values from Pyfa (see README).

Bench version 1.3.0+8e02018 (see CHANGELOG.md). Rows may come from different runs: see measured_at/bench_version in combined.json; perf numbers are only comparable at similar load.

| variant | status | cases ok | values ok | accuracy % | application | capacitor | defense | fitting | navigation | offense | tank | targeting | ms/fit | fits/s (batch) | cold ms | deterministic | bench | measured |
|---|---|---|---|---|---|---|---|---|---|---|---|---|---|---|---|---|---|---|
| B data-oriented Rust | ok | 249/249 | 13812/13812 | 100.00 | 100.0 | 100.0 | 100.0 | 100.0 | 100.0 | 100.0 | 100.0 | 100.0 | 0.087 | 2551 | 69 | True | 1.3.0+8e02018 | 2026-10-03 04:42 CST |
| E Pyfa-faithful Rust port | ok | 249/249 | 13812/13812 | 100.00 | 100.0 | 100.0 | 100.0 | 100.0 | 100.0 | 100.0 | 100.0 | 100.0 | 0.569 | 1015 | 160 | True | 1.3.0+8e02018 | 2026-10-03 04:34 CST |
| F codegen Rust/WASM | ok | 249/249 | 13812/13812 | 100.00 | 100.0 | 100.0 | 100.0 | 100.0 | 100.0 | 100.0 | 100.0 | 100.0 | 0.094 | 3091 | 3 | True | 1.3.0+8e02018 | 2026-10-03 04:39 CST |
| I Rust salsa incremental | ok | 249/249 | 13812/13812 | 100.00 | 100.0 | 100.0 | 100.0 | 100.0 | 100.0 | 100.0 | 100.0 | 100.0 | 1.608 | 228 | 195 | True | ? | ? |
